[in.withlove.my.id/with-love-10-2/index.html]
[backblue.gif]
[fade.gif]
[index.html]
[in.withlove.my.id/wp-content/litespeed/css/3039b274cb5982bf0d791bc06feec9529167.css]
[in.withlove.my.id/wp-content/et-cache/82291/et-divi-dynamic-8229149b2.css]
[in.withlove.my.id/wp-includes/js/jquery/jquery.mina767.js]
[in.withlove.my.id/wp-content/litespeed/js/0ce28b8fffcbdc14efa41c432870cc976247.js]
[in.withlove.my.id/wp-content/litespeed/js/866af2fd98f03da1b2b583e8648e0e8d0708.js]
[connect.facebook.net/en_US/fbevents.js]
[in.withlove.my.id/with-love-10-2/feed/index.html]
[undanganwebmedia.sgp1.digitaloceanspaces.com/withlove/in/2022/02/cropped-logo-withlove-32x32.jpg]
[undanganwebmedia.sgp1.digitaloceanspaces.com/withlove/in/2022/02/cropped-logo-withlove-192x192.jpg]
[undanganwebmedia.sgp1.digitaloceanspaces.com/withlove/in/2022/02/cropped-logo-withlove-180x180.jpg]
[in.withlove.my.id/wp-content/et-cache/82291/et-core-unified-deferred-82291.min63ad.css]
[cdn.undanganweb.com/withlove/hi/2022/02/Please-Wait.png]
[cdn.undanganweb.com/withlove/hi/2022/02/Asset-1.png]
[cdn.undanganweb.com/withlove/hi/2022/02/Untitled-1-7.png]
[cdn.undanganweb.com/withlove/hi/2022/02/23.png]
[cdn.undanganweb.com/withlove/hi/2022/02/sylvi-taufik-7.jpg]
[cdn.undanganweb.com/withlove/hi/2022/02/wedding.png]
[cdn.undanganweb.com/withlove/hi/2022/02/2.png]
[cdn.undanganweb.com/withlove/hi/2022/02/578-5782294_map-gps-pin-outdoor-outside-comments-icon-lokasi-1-1.png]
[cdn.undanganweb.com/withlove/hi/2022/02/sylvi-taufik-13.jpg]
[undanganwebmedia.sgp1.digitaloceanspaces.com/withlove/hi/2022/02/sylvi-taufik-4.jpg]
[undanganwebmedia.sgp1.digitaloceanspaces.com/withlove/hi/2022/02/sylvi-taufik-1.jpg]
[undanganwebmedia.sgp1.digitaloceanspaces.com/withlove/hi/2022/02/sylvi-taufik-15.jpg]
[undanganwebmedia.sgp1.digitaloceanspaces.com/withlove/hi/2022/02/sylvi-taufik-10.jpg]
[cdn.undanganweb.com/withlove/hi/2022/02/sylvi-taufik-12.jpg]
[cdn.undanganweb.com/withlove/hi/2022/02/sylvi-taufik-2.jpg]
[cdn.undanganweb.com/withlove/hi/2022/02/sylvi-taufik-14.jpg]
[cdn.undanganweb.com/withlove/hi/2022/02/WithLover-1-1.png]
[cdn.undanganweb.com/withlove/hi/2022/02/—Pngtree—kangaroo-dividing-line-dividing-line_3780548.png]
[cdn.undanganweb.com/withlove/hi/2022/02/BCA_logo_Bank_Central_Asia.png]
[cdn.undanganweb.com/withlove/hi/2022/02/black-line-png-just-pink-about-it-black-line-png-900_150.png]
[in.withlove.my.id/wp-content/litespeed/js/04590250d27ad0b4bd4c6666d0aad5523537.js]
[in.withlove.my.id/wp-content/litespeed/js/20656f5b9958b2c8624efd314460ad1f865a.js]
[in.withlove.my.id/wp-content/litespeed/js/eab3baa9125defc0a6da7e49d9a98ba49e8f.js]
[in.withlove.my.id/wp-content/litespeed/js/289540058e00ecd9e768cb28641eecd89aa7.js]
[in.withlove.my.id/wp-content/litespeed/js/14a530e33a75d51354d8f5160b205d47df3e.js]
[in.withlove.my.id/wp-content/litespeed/js/412ba2def68e8af46202b464c24f7125a69c.js]
[in.withlove.my.id/wp-content/litespeed/js/8294c43bccc86e2179c49b8ffb863c9efc7d.js]
[in.withlove.my.id/wp-content/litespeed/js/4506b13e76b38977f74b4c65b7ca4af6123e.js]
[in.withlove.my.id/wp-content/litespeed/js/97c2b5a85295274a298c94a58fe44dc59ab1.js]
[in.withlove.my.id/wp-content/litespeed/js/8f85ae0f432505b1d8fe9fb3a8360f91deca.js]
[in.withlove.my.id/wp-content/litespeed/js/659359d8c521bb993cfe461b405c8aa37185.js]
[in.withlove.my.id/wp-content/litespeed/js/85f85d0197ecf39260bb8a95d12f1aafc626.js]
[in.withlove.my.id/wp-content/litespeed/js/3d5311c30ba9222f207ab817d3b06126c469.js]
[in.withlove.my.id/wp-content/litespeed/js/d66f11cf3b280b7ad53c60ca112119f2eff3.js]
[in.withlove.my.id/wp-content/litespeed/js/563bc2b8bb835b7b50b3b5eff481aeb18bc3.js]
[in.withlove.my.id/wp-content/plugins/litespeed-cache/assets/js/instant_click.min946e.js]
[in.withlove.my.id/wp-content/litespeed/js/2c2cc4dd7d84ce809bd6718aadb72dece164.js]
[in.withlove.my.id/wp-content/litespeed/js/dba2f8a740830a873aef110a95ba65109a3c.js]
[in.withlove.my.id/with-love-10-2/index.html]
[in.withlove.my.id/wp-content/plugins/wpdiscuz/assets/img/loading.gif]
[in.withlove.my.id/wp-content/plugins/wpdiscuz/assets/img/delete.png]
[in.withlove.my.id/wp-content/plugins/wpdiscuz/assets/img/file-icons/delete.png]
[in.withlove.my.id/wp-content/plugins/wpdiscuz/assets/third-party/colorbox/images/overlay.png]
[in.withlove.my.id/wp-content/plugins/wpdiscuz/assets/third-party/colorbox/images/controls.png]
[in.withlove.my.id/wp-content/plugins/wpdiscuz/assets/third-party/colorbox/images/border.png]
[in.withlove.my.id/wp-content/plugins/wpdiscuz/assets/third-party/colorbox/images/loading_background.png]
[in.withlove.my.id/wp-content/plugins/wpdiscuz/assets/third-party/colorbox/images/loading.gif]
[in.withlove.my.id/wp-content/plugins/addons-for-divi/assets/imgs/transparent.jpg]
[in.withlove.my.id/wp-content/plugins/popups-for-divi/images/spin.gif]
[in.withlove.my.id/wp-content/themes/Divi/includes/builder/styles/images/preloader.gif]
[in.withlove.my.id/wp-content/litespeed/css/3039b274cb5982bf0d791bc06feec9529167.css]
[in.withlove.my.id/wp-content/et-cache/82291/et-divi-dynamic-8229149b2.css]
[in.withlove.my.id/wp-includes/js/jquery/jquery.mina767.js]
[in.withlove.my.id/wp-content/litespeed/js/0ce28b8fffcbdc14efa41c432870cc976247.js]
[in.withlove.my.id/wp-content/litespeed/js/866af2fd98f03da1b2b583e8648e0e8d0708.js]
[undanganwebmedia.sgp1.digitaloceanspaces.com/withlove/in/2022/05/C.jpg]
[in.withlove.my.id/with-love-10-2/POST]
[connect.facebook.net/en_US/fbevents.js]
[cdn.undanganweb.com/withlove/hi/2022/02/sylvi-taufik-8.jpg]
[in.withlove.my.id/wp-content/et-cache/82291/et-core-unified-deferred-82291.min63ad.css]
[in.withlove.my.id/wp-content/litespeed/js/04590250d27ad0b4bd4c6666d0aad5523537.js]
[in.withlove.my.id/wp-content/litespeed/js/20656f5b9958b2c8624efd314460ad1f865a.js]
[in.withlove.my.id/wp-content/litespeed/js/eab3baa9125defc0a6da7e49d9a98ba49e8f.js]
[in.withlove.my.id/wp-content/litespeed/js/289540058e00ecd9e768cb28641eecd89aa7.js]
[in.withlove.my.id/wp-content/litespeed/js/14a530e33a75d51354d8f5160b205d47df3e.js]
[in.withlove.my.id/wp-content/litespeed/js/412ba2def68e8af46202b464c24f7125a69c.js]
[in.withlove.my.id/wp-content/litespeed/js/8294c43bccc86e2179c49b8ffb863c9efc7d.js]
[in.withlove.my.id/wp-content/litespeed/js/4506b13e76b38977f74b4c65b7ca4af6123e.js]
[in.withlove.my.id/wp-content/litespeed/js/97c2b5a85295274a298c94a58fe44dc59ab1.js]
[in.withlove.my.id/wp-content/litespeed/js/8f85ae0f432505b1d8fe9fb3a8360f91deca.js]
[in.withlove.my.id/wp-content/litespeed/js/659359d8c521bb993cfe461b405c8aa37185.js]
[in.withlove.my.id/wp-content/litespeed/js/85f85d0197ecf39260bb8a95d12f1aafc626.js]
[in.withlove.my.id/wp-content/litespeed/js/3d5311c30ba9222f207ab817d3b06126c469.js]
[in.withlove.my.id/wp-content/litespeed/js/d66f11cf3b280b7ad53c60ca112119f2eff3.js]
[in.withlove.my.id/wp-content/litespeed/js/563bc2b8bb835b7b50b3b5eff481aeb18bc3.js]
[in.withlove.my.id/wp-content/plugins/litespeed-cache/assets/js/instant_click.min946e.js]
[in.withlove.my.id/wp-content/litespeed/js/2c2cc4dd7d84ce809bd6718aadb72dece164.js]
[in.withlove.my.id/wp-content/litespeed/js/dba2f8a740830a873aef110a95ba65109a3c.js]
[in.withlove.my.id/with-love-10-2/POST.html]
[in.withlove.my.id/with-love-10-2/b]
